================================================================
[FULL-REFRESH] 执行时间(北京): 2026-10-05 10:28  |  判定: 非计划执行
原因: 实际执行时间为 周一 10:28，与计划时间(每周三 15:00)偏差 > 30 分钟，触发全量刷新。
刷新范围: 五栏目全量重新抓取（商品31/赛事活动8/官方道馆30/赛制标记4）；图片同步刷新（本地缓存命中，无新增/无清理）。
generated_at 校验: 2026-10-05 10:28:01 (符合本次执行时刻)
备注: 6 条非致命抓取失败（bilibili 412 + 5 个 goods 二级页 404），不影响主栏目。
-------- 脚本原始输出 --------
[!] 抓取失败 https://www.bilibili.com/video/BV1xg4y1s7fw/: HTTP Error 412: Precondition Failed
[!] 抓取失败 https://www.pokemon.cn/category/goods/home-office/p/2: HTTP Error 404: Not Found
[!] 抓取失败 https://www.pokemon.cn/category/goods/clothing-accesoies/p/2: HTTP Error 404: Not Found
[!] 抓取失败 https://www.pokemon.cn/category/goods/stationaries/p/2: HTTP Error 404: Not Found
[!] 抓取失败 https://www.pokemon.cn/category/goods/food/p/2: HTTP Error 404: Not Found
[!] 抓取失败 https://www.pokemon.cn/category/goods/goods-other/p/2: HTTP Error 404: Not Found
[1/4] 抓取商品一览 ...
      -> 40 条商品
[2/6] 抓取卡牌资讯 ...
[3/6] 过滤已结束的赛事活动 ...
      -> 资讯 160 条 | 进行中赛事活动 8（原 51） | 即将开店 1 | 赛制公告 2（取最新 1 条）
[4/6] 抓取官方赛事结果（冠军卡组）...
      -> 赛事结果公告 6 条（含卡组 1 条） | 统计到卡组 4 套
[5/6] 抓取官方店铺 ...
      -> 官方卡牌道馆 30 家
[6/6] 抓取周边新品与赛制说明 ...
      -> 周边新品 4 条 | 标准赛制标记 ['G', 'H', 'I', 'J'] | 更新日期 2026-09-16
      -> 近 90 天内商品 31 件（未发售 2 件）

已写入 C:\GIH\pokemon-tcg-cn\data\data.json
已写入 C:\GIH\pokemon-tcg-cn\data\data.js
  [OK ] 商品: 31
  [OK ] 赛事活动: 8
  [OK ] 官方道馆: 30
  [OK ] 赛制标记: 4
-------- 结束 --------

================================================================
[FULL-REFRESH] 执行时间(北京): 2026-10-05 10:42  |  判定: 非计划执行
原因: 实际执行时间为 周一 10:42，与计划时间(每周三 15:00)偏差 > 30 分钟，且系人为重复触发，触发全量刷新。
刷新范围: 五栏目全量重新抓取（商品31/赛事活动8/官方道馆30/赛制标记4）；图片同步刷新（本地缓存命中，无新增/无清理）。
generated_at 校验: 2026-10-05 10:46:04 (符合本次执行时刻)
备注: 6 条非致命抓取失败（bilibili 412 + 5 个 goods 二级页 404），不影响主栏目。
-------- 脚本原始输出 --------
  [!] 抓取失败 https://www.bilibili.com/video/BV1xg4y1s7fw/: HTTP Error 412: Precondition Failed
  [!] 抓取失败 https://www.pokemon.cn/category/goods/home-office/p/2: HTTP Error 404: Not Found
  [!] 抓取失败 https://www.pokemon.cn/category/goods/clothing-accesoies/p/2: HTTP Error 404: Not Found
  [!] 抓取失败 https://www.pokemon.cn/category/goods/stationaries/p/2: HTTP Error 404: Not Found
  [!] 抓取失败 https://www.pokemon.cn/category/goods/food/p/2: HTTP Error 404: Not Found
  [!] 抓取失败 https://www.pokemon.cn/category/goods/goods-other/p/2: HTTP Error 404: Not Found
[1/4] 抓取商品一览 ...
      -> 40 条商品
[2/6] 抓取卡牌资讯 ...
[3/6] 过滤已结束的赛事活动 ...
      -> 资讯 160 条 | 进行中赛事活动 8（原 51） | 即将开店 1 | 赛制公告 2（取最新 1 条）
[4/6] 抓取官方赛事结果（冠军卡组）...
      -> 赛事结果公告 6 条（含卡组 1 条） | 统计到卡组 4 套
[5/6] 抓取官方店铺 ...
      -> 官方卡牌道馆 30 家
[6/6] 抓取周边新品与赛制说明 ...
      -> 周边新品 4 条 | 标准赛制标记 ['G', 'H', 'I', 'J'] | 更新日期 2026-09-16
      -> 近 90 天内商品 31 件（未发售 2 件）

已写入 C:\GIH\pokemon-tcg-cn\data\data.json
已写入 C:\GIH\pokemon-tcg-cn\data\data.js
  [OK ] 商品: 31
  [OK ] 赛事活动: 8
  [OK ] 官方道馆: 30
  [OK ] 赛制标记: 4
-------- 结束 --------

================ 2026-10-05 11:21 (Asia/Shanghai) ================
[FULL-REFRESH] 判定：非计划执行（实际 周一 11:21 vs 计划 周三 15:00，偏差 > 30 分钟，人为提前触发）
[FULL-REFRESH] 刷新范围：五栏目全量重抓（不加 --dry-run / --no-image，含图片同步刷新）
[FULL-REFRESH] 校验：generated_at=2026-10-05 11:24:46（符合本次执行窗口）；五栏目非空
[FULL-REFRESH] 图片：256 → 256（无新增、无清理，本地缓存命中）
[FULL-REFRESH] 非致命告警 6 条：bilibili 视频页 412 + 5 个 goods 二级页 404
[FULL-REFRESH] 本次结果：内容与上次一致，仅刷新时间戳；无空栏目
-------- 开始 --------
  [!] 抓取失败 https://www.bilibili.com/video/BV1xg4y1s7fw/: HTTP Error 412: Precondition Failed
  [!] 抓取失败 https://www.pokemon.cn/category/goods/home-office/p/2: HTTP Error 404: Not Found
  [!] 抓取失败 https://www.pokemon.cn/category/goods/clothing-accesoies/p/2: HTTP Error 404: Not Found
  [!] 抓取失败 https://www.pokemon.cn/category/goods/stationaries/p/2: HTTP Error 404: Not Found
  [!] 抓取失败 https://www.pokemon.cn/category/goods/food/p/2: HTTP Error 404: Not Found
  [!] 抓取失败 https://www.pokemon.cn/category/goods/goods-other/p/2: HTTP Error 404: Not Found
[1/4] 抓取商品一览 ...
      -> 40 条商品
[2/6] 抓取卡牌资讯 ...
[3/6] 过滤已结束的赛事活动 ...
      -> 资讯 160 条 | 进行中赛事活动 8（原 51） | 即将开店 1 | 赛制公告 2（取最新 1 条）
[4/6] 抓取官方赛事结果（冠军卡组）...
      -> 赛事结果公告 6 条（含卡组 1 条） | 统计到卡组 4 套
[5/6] 抓取官方店铺 ...
      -> 官方卡牌道馆 30 家
[6/6] 抓取周边新品与赛制说明 ...
      -> 周边新品 4 条 | 标准赛制标记 ['G', 'H', 'I', 'J'] | 更新日期 2026-09-16
      -> 近 90 天内商品 31 件（未发售 2 件）

已写入 C:\GIH\pokemon-tcg-cn\data\data.json
已写入 C:\GIH\pokemon-tcg-cn\data\data.js
  [OK ] 商品: 31
  [OK ] 赛事活动: 8
  [OK ] 官方道馆: 30
  [OK ] 赛制标记: 4
-------- 结束 --------

====================================================================
[FULL-REFRESH] 2026-10-05 12:34 (Asia/Shanghai) 周一
判定：非计划执行（实际 周一12:34 vs 计划 周三15:00，偏差 > 30 分钟，人为触发/补跑）
刷新范围：全量抓取五栏目（新品/上新、活动/赛事、官方卡牌道馆、环境牌组、版本/赛制），图片同步刷新
generated_at = 2026-10-05 12:39:14（北京时间，落在本次执行窗口内，符合）
栏目：商品31 / 周边新品4 / 卡牌资讯33 / 赛事活动8 / 官方道馆30 / 赛制标记[G,H,I,J]更新日2026-09-16；全部非空
图片：256 -> 256（新增0 清理0 mtime变化0 空文件0）
内容与上次一致（仅 generated_at 变化）
--------------------------------------------------------------------
  [!] 抓取失败 https://www.bilibili.com/video/BV1xg4y1s7fw/: HTTP Error 412: Precondition Failed
  [!] 抓取失败 https://www.pokemon.cn/category/goods/home-office/p/2: HTTP Error 404: Not Found
  [!] 抓取失败 https://www.pokemon.cn/category/goods/clothing-accesoies/p/2: HTTP Error 404: Not Found
  [!] 抓取失败 https://www.pokemon.cn/category/goods/stationaries/p/2: HTTP Error 404: Not Found
  [!] 抓取失败 https://www.pokemon.cn/category/goods/food/p/2: HTTP Error 404: Not Found
  [!] 抓取失败 https://www.pokemon.cn/category/goods/goods-other/p/2: HTTP Error 404: Not Found
[1/4] 抓取商品一览 ...
      -> 40 条商品
[2/6] 抓取卡牌资讯 ...
[3/6] 过滤已结束的赛事活动 ...
      -> 资讯 160 条 | 进行中赛事活动 8（原 51） | 即将开店 1 | 赛制公告 2（取最新 1 条）
[4/6] 抓取官方赛事结果（冠军卡组）...
      -> 赛事结果公告 6 条（含卡组 1 条） | 统计到卡组 4 套
[5/6] 抓取官方店铺 ...
      -> 官方卡牌道馆 30 家
[6/6] 抓取周边新品与赛制说明 ...
      -> 周边新品 4 条 | 标准赛制标记 ['G', 'H', 'I', 'J'] | 更新日期 2026-09-16
      -> 近 90 天内商品 31 件（未发售 2 件）

已写入 C:\GIH\pokemon-tcg-cn\data\data.json
已写入 C:\GIH\pokemon-tcg-cn\data\data.js
  [OK ] 商品: 31
  [OK ] 赛事活动: 8
  [OK ] 官方道馆: 30
  [OK ] 赛制标记: 4
====================================================================
